Archive member included to satisfy reference by file (symbol)

/usr/lib/gcc-cross/arm-linux-gnueabihf/14/../../../../arm-linux-gnueabihf/lib/libc.a(libc-start.o)
                              /usr/lib/gcc-cross/arm-linux-gnueabihf/14/../../../../arm-linux-gnueabihf/lib/crt1.o (__libc_start_main)
/usr/lib/gcc-cross/arm-linux-gnueabihf/14/../../../../arm-linux-gnueabihf/lib/libc.a(libc-tls.o)
                              /usr/lib/gcc-cross/arm-linux-gnueabihf/14/../../../../arm-linux-gnueabihf/lib/libc.a(libc-start.o) (__libc_setup_tls)
/usr/lib/gcc-cross/arm-linux-gnueabihf/14/../../../../arm-linux-gnueabihf/lib/libc.a(libc-do-syscall.o)
                              /usr/lib/gcc-cross/arm-linux-gnueabihf/14/../../../../arm-linux-gnueabihf/lib/libc.a(libc-start.o) (__libc_do_syscall)
/usr/lib/gcc-cross/arm-linux-gnueabihf/14/../../../../arm-linux-gnueabihf/lib/libc.a(errno-loc.o)
                              build/m_misc.o (__errno_location)
/usr/lib/gcc-cross/arm-linux-gnueabihf/14/../../../../arm-linux-gnueabihf/lib/libc.a(ctype.o)
                              build/f_finale.o (toupper)
/usr/lib/gcc-cross/arm-linux-gnueabihf/14/../../../../arm-linux-gnueabihf/lib/libc.a(ctype-info.o)
                              build/d_main.o (__ctype_b_loc)
/usr/lib/gcc-cross/arm-linux-gnueabihf/14/../../../../arm-linux-gnueabihf/lib/libc.a(bsd-_setjmp.o)
                              /usr/lib/gcc-cross/arm-linux-gnueabihf/14/../../../../arm-linux-gnueabihf/lib/libc.a(libc-start.o) (_setjmp)
/usr/lib/gcc-cross/arm-linux-gnueabihf/14/../../../../arm-linux-gnueabihf/lib/libc.a(abort.o)
                              /usr/lib/gcc-cross/arm-linux-gnueabihf/14/../../../../arm-linux-gnueabihf/lib/crt1.o (abort)
/usr/lib/gcc-cross/arm-linux-gnueabihf/14/../../../../arm-linux-gnueabihf/lib/libc.a(atof.o)
                              build/m_config.o (atof)
/usr/lib/gcc-cross/arm-linux-gnueabihf/14/../../../../arm-linux-gnueabihf/lib/libc.a(atoi.o)
                              build/i_video_fbdev.o (atoi)
/usr/lib/gcc-cross/arm-linux-gnueabihf/14/../../../../arm-linux-gnueabihf/lib/libc.a(cxa_atexit.o)
                              /usr/lib/gcc-cross/arm-linux-gnueabihf/14/../../../../arm-linux-gnueabihf/lib/libc.a(libc-start.o) (__cxa_atexit)
/usr/lib/gcc-cross/arm-linux-gnueabihf/14/../../../../arm-linux-gnueabihf/lib/libc.a(exit.o)
                              build/i_video_fbdev.o (exit)
/usr/lib/gcc-cross/arm-linux-gnueabihf/14/../../../../arm-linux-gnueabihf/lib/libc.a(strtod.o)
                              /usr/lib/gcc-cross/arm-linux-gnueabihf/14/../../../../arm-linux-gnueabihf/lib/libc.a(atof.o) (strtod)
/usr/lib/gcc-cross/arm-linux-gnueabihf/14/../../../../arm-linux-gnueabihf/lib/libc.a(strtod_l.o)
                              /usr/lib/gcc-cross/arm-linux-gnueabihf/14/../../../../arm-linux-gnueabihf/lib/libc.a(strtod.o) (____strtod_l_internal)
/usr/lib/gcc-cross/arm-linux-gnueabihf/14/../../../../arm-linux-gnueabihf/lib/libc.a(strtod_nan.o)
                              /usr/lib/gcc-cross/arm-linux-gnueabihf/14/../../../../arm-linux-gnueabihf/lib/libc.a(strtod_l.o) (__strtod_nan)
/usr/lib/gcc-cross/arm-linux-gnueabihf/14/../../../../arm-linux-gnueabihf/lib/libc.a(strtol.o)
                              /usr/lib/gcc-cross/arm-linux-gnueabihf/14/../../../../arm-linux-gnueabihf/lib/libc.a(atoi.o) (__isoc23_strtol)
/usr/lib/gcc-cross/arm-linux-gnueabihf/14/../../../../arm-linux-gnueabihf/lib/libc.a(strtol_l.o)
                              /usr/lib/gcc-cross/arm-linux-gnueabihf/14/../../../../arm-linux-gnueabihf/lib/libc.a(strtol.o) (____strtol_l_internal)
/usr/lib/gcc-cross/arm-linux-gnueabihf/14/../../../../arm-linux-gnueabihf/lib/libc.a(strtoull_l.o)
                              /usr/lib/gcc-cross/arm-linux-gnueabihf/14/../../../../arm-linux-gnueabihf/lib/libc.a(strtod_nan.o) (____strtoull_l_internal)
/usr/lib/gcc-cross/arm-linux-gnueabihf/14/../../../../arm-linux-gnueabihf/lib/libc.a(system.o)
                              build/i_system.o (system)
/usr/lib/gcc-cross/arm-linux-gnueabihf/14/../../../../arm-linux-gnueabihf/lib/libc.a(add_n.o)
                              /usr/lib/gcc-cross/arm-linux-gnueabihf/14/../../../../arm-linux-gnueabihf/lib/libc.a(strtod_l.o) (__mpn_add_n)
/usr/lib/gcc-cross/arm-linux-gnueabihf/14/../../../../arm-linux-gnueabihf/lib/libc.a(cmp.o)
                              /usr/lib/gcc-cross/arm-linux-gnueabihf/14/../../../../arm-linux-gnueabihf/lib/libc.a(strtod_l.o) (__mpn_cmp)
/usr/lib/gcc-cross/arm-linux-gnueabihf/14/../../../../arm-linux-gnueabihf/lib/libc.a(lshift.o)
                              /usr/lib/gcc-cross/arm-linux-gnueabihf/14/../../../../arm-linux-gnueabihf/lib/libc.a(strtod_l.o) (__mpn_lshift)
/usr/lib/gcc-cross/arm-linux-gnueabihf/14/../../../../arm-linux-gnueabihf/lib/libc.a(mul.o)
                              /usr/lib/gcc-cross/arm-linux-gnueabihf/14/../../../../arm-linux-gnueabihf/lib/libc.a(strtod_l.o) (__mpn_mul)
[...]
Memory Configuration

Name             Origin             Length             Attributes
*default*        0x00000000         0xffffffff

Linker script and memory map

LOAD /usr/lib/gcc-cross/arm-linux-gnueabihf/14/../../../../arm-linux-gnueabihf/lib/crt1.o
LOAD /usr/lib/gcc-cross/arm-linux-gnueabihf/14/../../../../arm-linux-gnueabihf/lib/crti.o
LOAD /usr/lib/gcc-cross/arm-linux-gnueabihf/14/crtbeginT.o
LOAD build/i_video_fbdev.o
LOAD build/i_input_tty.o
LOAD build/i_main.o
LOAD build/dummy.o
LOAD build/am_map.o
LOAD build/doomdef.o
LOAD build/doomstat.o
LOAD build/dstrings.o
LOAD build/d_event.o
LOAD build/d_items.o
LOAD build/d_iwad.o
LOAD build/d_loop.o
LOAD build/d_main.o
LOAD build/d_mode.o
LOAD build/d_net.o
LOAD build/f_finale.o
LOAD build/f_wipe.o
LOAD build/g_game.o
LOAD build/hu_lib.o
LOAD build/hu_stuff.o
LOAD build/info.o
LOAD build/i_cdmus.o
LOAD build/i_endoom.o
LOAD build/i_joystick.o
LOAD build/i_scale.o
LOAD build/i_sound.o
LOAD build/i_system.o
LOAD build/i_timer.o
LOAD build/memio.o
LOAD build/m_argv.o
LOAD build/m_bbox.o
LOAD build/m_cheat.o
LOAD build/m_config.o
LOAD build/m_controls.o
LOAD build/m_fixed.o
LOAD build/m_menu.o
LOAD build/m_misc.o
LOAD build/m_random.o
LOAD build/p_ceilng.o
LOAD build/p_doors.o
LOAD build/p_enemy.o
LOAD build/p_floor.o
LOAD build/p_inter.o
LOAD build/p_lights.o
LOAD build/p_map.o
LOAD build/p_maputl.o
LOAD build/p_mobj.o
LOAD build/p_plats.o
LOAD build/p_pspr.o
LOAD build/p_saveg.o
LOAD build/p_setup.o
LOAD build/p_sight.o
LOAD build/p_spec.o
LOAD build/p_switch.o
LOAD build/p_telept.o
LOAD build/p_tick.o
LOAD build/p_user.o
LOAD build/r_bsp.o
LOAD build/r_data.o
LOAD build/r_draw.o
LOAD build/r_main.o
LOAD build/r_plane.o
LOAD build/r_segs.o
LOAD build/r_sky.o
LOAD build/r_things.o
LOAD build/sha1.o
LOAD build/sounds.o
LOAD build/statdump.o
LOAD build/st_lib.o
LOAD build/st_stuff.o
LOAD build/s_sound.o
LOAD build/tables.o
LOAD build/v_video.o
LOAD build/wi_stuff.o
LOAD build/w_checksum.o
LOAD build/w_file.o
LOAD build/w_file_stdc_unbuffered.o
LOAD build/w_main.o
LOAD build/w_wad.o
LOAD build/z_zone.o
LOAD /usr/lib/gcc-cross/arm-linux-gnueabihf/14/../../../../arm-linux-gnueabihf/lib/libm.a
LOAD /usr/lib/gcc-cross/arm-linux-gnueabihf/14/../../../../arm-linux-gnueabihf/lib/libc.a
START GROUP
LOAD /usr/lib/gcc-cross/arm-linux-gnueabihf/14/libgcc.a
LOAD /usr/lib/gcc-cross/arm-linux-gnueabihf/14/libgcc_eh.a
LOAD /usr/lib/gcc-cross/arm-linux-gnueabihf/14/../../../../arm-linux-gnueabihf/lib/libc.a
END GROUP
LOAD /usr/lib/gcc-cross/arm-linux-gnueabihf/14/crtend.o
LOAD /usr/lib/gcc-cross/arm-linux-gnueabihf/14/../../../../arm-linux-gnueabihf/lib/crtn.o
                [!provide]                        PROVIDE (__executable_start = SEGMENT_START ("text-segment", 0x10000))
                0x00010134                        . = (SEGMENT_START ("text-segment", 0x10000) + SIZEOF_HEADERS)

.note.gnu.build-id
                0x00010134       0x24
 *(.note.gnu.build-id)
 .note.gnu.build-id
                0x00010134       0x24 linker stubs

.interp
 *(.interp)

.hash
 *(.hash)

.gnu.hash
 *(.gnu.hash)

.dynsym
 *(.dynsym)

.dynstr
 *(.dynstr)

.gnu.version
 *(.gnu.version)

.gnu.version_d
 *(.gnu.version_d)

.gnu.version_r
 *(.gnu.version_r)

.rel.dyn        0x00010158       0x10
 *(.rel.init)
 *(.rel.text .rel.text.* .rel.gnu.linkonce.t.*)
 *(.rel.fini)
 *(.rel.rodata .rel.rodata.* .rel.gnu.linkonce.r.*)
 *(.rel.data.rel.ro .rel.data.rel.ro.* .rel.gnu.linkonce.d.rel.ro.*)
 *(.rel.data .rel.data.* .rel.gnu.linkonce.d.*)
 *(.rel.tdata .rel.tdata.* .rel.gnu.linkonce.td.*)
 *(.rel.tbss .rel.tbss.* .rel.gnu.linkonce.tb.*)
 *(.rel.ctors)
 *(.rel.dtors)
 *(.rel.got)
 .rel.got       0x00010158        0x0 /usr/lib/gcc-cross/arm-linux-gnueabihf/14/../../../../arm-linux-gnueabihf/lib/crt1.o
 *(.rel.bss .rel.bss.* .rel.gnu.linkonce.b.*)
                0x00010158                        PROVIDE (__rel_iplt_start = .)
 *(.rel.iplt)
 .rel.iplt      0x00010158       0x10 /usr/lib/gcc-cross/arm-linux-gnueabihf/14/../../../../arm-linux-gnueabihf/lib/crt1.o
                0x00010168                        PROVIDE (__rel_iplt_end = .)

.rela.dyn       0x00010168        0x0
 *(.rela.init)
 *(.rela.text .rela.text.* .rela.gnu.linkonce.t.*)
 *(.rela.fini)
 *(.rela.rodata .rela.rodata.* .rela.gnu.linkonce.r.*)
 *(.rela.data .rela.data.* .rela.gnu.linkonce.d.*)
 *(.rela.tdata .rela.tdata.* .rela.gnu.linkonce.td.*)
 *(.rela.tbss .rela.tbss.* .rela.gnu.linkonce.tb.*)
 *(.rela.ctors)
 *(.rela.dtors)
 *(.rela.got)
 *(.rela.bss .rela.bss.* .rela.gnu.linkonce.b.*)
                [!provide]                        PROVIDE (__rela_iplt_start = .)
 *(.rela.iplt)
                [!provide]                        PROVIDE (__rela_iplt_end = .)

.rel.plt
 *(.rel.plt)

.rela.plt
 *(.rela.plt)

.init           0x00010168        0xc
 *(SORT_NONE(.init))
 .init          0x00010168        0x8 /usr/lib/gcc-cross/arm-linux-gnueabihf/14/../../../../arm-linux-gnueabihf/lib/crti.o
                0x00010168                _init
 .init          0x00010170        0x4 /usr/lib/gcc-cross/arm-linux-gnueabihf/14/../../../../arm-linux-gnueabihf/lib/crtn.o

.plt
 *(.plt)

.iplt           0x00010174       0x20
 *(.iplt)
 .iplt          0x00010174       0x20 /usr/lib/gcc-cross/arm-linux-gnueabihf/14/../../../../arm-linux-gnueabihf/lib/crt1.o

.text           0x000101c0    0x7cd90
 *(.text.unlikely .text.*_unlikely .text.unlikely.*)
 .text.unlikely
                0x000101c0       0x68 /usr/lib/gcc-cross/arm-linux-gnueabihf/14/../../../../arm-linux-gnueabihf/lib/libc.a(abort.o)
                0x000101c0                abort
 .text.unlikely
                0x00010228        0x6 /usr/lib/gcc-cross/arm-linux-gnueabihf/14/../../../../arm-linux-gnueabihf/lib/libc.a(init-first.o)
                0x00010228                _dl_start
 .text.unlikely
                0x0001022e        0xc /usr/lib/gcc-cross/arm-linux-gnueabihf/14/libgcc_eh.a(pr-support.o)
                0x0001022e                _Unwind_GetDataRelBase
                0x00010234                _Unwind_GetTextRelBase
 *(.text.exit .text.exit.*)
 *(.text.startup .text.startup.*)
 *fill*         0x0001023a        0x2 
 .text.startup  0x0001023c       0x1c /usr/lib/gcc-cross/arm-linux-gnueabihf/14/../../../../arm-linux-gnueabihf/lib/libc.a(stdfiles.o)
 *(.text.hot .text.hot.*)
 *(SORT_BY_NAME(.text.sorted.*))
 *(.text .stub .text.* .gnu.linkonce.t.*)
 .text          0x00010258       0x34 /usr/lib/gcc-cross/arm-linux-gnueabihf/14/../../../../arm-linux-gnueabihf/lib/crt1.o
                0x00010258                _start
 .text          0x0001028c       0x24 /usr/lib/gcc-cross/arm-linux-gnueabihf/14/../../../../arm-linux-gnueabihf/lib/crti.o
 .text          0x000102b0       0xa8 /usr/lib/gcc-cross/arm-linux-gnueabihf/14/crtbeginT.o
 .text          0x00010358      0xad0 build/i_video_fbdev.o
                0x00010358                cmap_to_rgb565
                0x000103f0                cmap_to_fb
                0x000105b8                I_InitGraphics
                0x0001084c                I_ShutdownGraphics
                0x00010874                I_StartFrame
                0x00010890                I_StartTic
                0x0001089c                I_UpdateNoBlit
                0x000108aa                I_FinishUpdate
                0x00010bb0                I_ReadScreen
                0x00010bd8                I_SetPalette
                0x00010cb0                I_GetPaletteIndex
                0x00010d98                I_BeginRead
                0x00010da6                I_EndRead
                0x00010db4                I_SetWindowTitle
                0x00010dc8                I_GraphicsCheckCommandLine
                0x00010dd6                I_SetGrabMouseCallback
                0x00010dea                I_EnableLoadingDisk
                0x00010df8                I_BindVideoVariables
                0x00010e06                I_DisplayFPSDots
                0x00010e1a                I_CheckIsScreensaver
 .text          0x00010e28      0x52c build/i_input_tty.o
                0x00010e28                tty_is_kbd
                0x00010e9c                kbd_shutdown
                0x00011190                kbd_read
                0x000112ac                I_GetEvent
                0x00011348                I_InitInput
 .text          0x00011354       0x4c build/i_main.o
                0x00011354                main
 .text          0x000113a0        0xe build/dummy.o
                0x000113a0                I_InitTimidityConfig
 *fill*         0x000113ae        0x2 
 .text          0x000113b0     0x2608 build/am_map.o
                0x000113b0                AM_getIslope
                0x00011432                AM_activateNewScale
                0x00011574                AM_saveScaleAndLoc
                0x000115d4                AM_restoreScaleAndLoc
                0x00011720                AM_addMark
                0x000117c8                AM_findMinMaxBoundaries
                0x000119ec                AM_changeWindowLoc
                0x00011c0c                AM_initVariables
                0x00011e3c                AM_loadPics
                0x00011e8c                AM_unloadPics
                0x00011ec8                AM_clearMarks
                0x00011f0c                AM_LevelInit
                0x00011fdc                AM_Stop
                0x00012010                AM_Start
                0x0001209c                AM_minOutWindowScale
                0x000120dc                AM_maxOutWindowScale
                0x0001211c                AM_Responder
                0x0001263c                AM_changeWindowScale
                0x000126cc                AM_doFollowPlayer
                0x0001282c                AM_updateLightLev
                0x000128d4                AM_Ticker
                0x00012948                AM_clearFB
                0x00012984                AM_clipMline
                0x00012e24                AM_drawFline
                0x00012fc4                AM_drawMline
                0x00012ffc                AM_drawGrid
                0x0001316c                AM_drawWalls
                0x00013410                AM_rotate
                0x000134ac                AM_drawLineCharacter
                0x000135ac                AM_drawPlayers
                0x0001372c                AM_drawThings
                0x000137c0                AM_drawMarks
                0x000138e8                AM_drawCrosshair
                0x00013930                AM_Drawer
 .text          0x000139b8        0x0 build/doomdef.o
 .text          0x000139b8        0x0 build/doomstat.o
 .text          0x000139b8        0x0 build/dstrings.o
 .text          0x000139b8       0xd0 build/d_event.o
                0x000139b8                D_PostEvent
                0x00013a18                D_PopEvent
 .text          0x00013a88        0x0 build/d_items.o
 .text          0x00013a88      0x600 build/d_iwad.o
                0x00013cf8                D_FindWADByName
                0x00013dc0                D_TryFindWADByName
                0x00013de4                D_FindIWAD
                0x00013ea0                D_FindAllIWADs
                0x00013f40                D_SaveGameIWADName
                0x00013f98                D_SuggestIWADName
                0x0001400c                D_SuggestGameName
 .text          0x00014088      0x9ac build/d_loop.o
                0x00014268                NetUpdate
                0x00014368                D_ReceiveTic
                0x00014454                D_StartGameLoop
                0x00014484                D_StartNetGame
                0x000144e4                D_InitNetGame
                0x00014518                D_QuitNetGame
                0x0001477c                TryRunTics
                0x00014a14                D_RegisterLoopCallbacks
 .text          0x00014a34     0x1ec8 build/d_main.o
                0x00014a34                D_ProcessEvents
                0x00014a74                D_Display
                0x00014e78                D_BindVariables
                0x00015008                D_GrabMouseCallback
                0x00015080                D_DoomLoop
                0x00015188                D_PageTicker
                0x000151b8                D_PageDrawer
                0x000151e0                D_AdvanceDemo
                0x000151fc                D_DoAdvanceDemo
                0x000154a8                D_StartTitle
                0x000156ac                D_IdentifyVersion
                0x00015810                D_SetGameDescription
                0x00015a28                PrintDehackedBanners
                0x00015cbc                PrintGameVersion
                0x00015db4                D_DoomMain
 .text          0x000168fc      0x2dc build/d_mode.o
                0x000168fc                D_ValidGameMode
                0x00016958                D_ValidEpisodeMap
                0x00016a38                D_GetNumEpisodes
                0x00016a6c                D_ValidGameVersion
                0x00016ae8                D_IsEpisodeMap
                0x00016b2c                D_GameMissionString
 .text          0x00016bd8      0x590 build/d_net.o
                0x00016ff0                D_ConnectNetGame
                0x00017040                D_CheckNetGame
 .text          0x00017168     0x1168 build/f_finale.o
                0x00017168                F_StartFinale
                0x000172ec                F_Responder
                0x00017318                F_Ticker
                0x0001744c                F_TextWrite
                0x000175a4                F_StartCast
                0x00017670                F_CastTicker
                0x00017d10                F_CastResponder
                0x00017e24                F_CastPrint
                0x00017f1c                F_CastDrawer
                0x00017fe8                F_DrawPatchCol
                0x00018084                F_BunnyScroll
                0x00018298                F_Drawer
 .text          0x000182d0      0x730 build/f_wipe.o
                0x000182d0                wipe_shittyColMajorXform
                0x00018366                wipe_initColorXForm
                0x000183a0                wipe_doColorXForm
                0x0001848c                wipe_exitColorXForm
                0x000184a6                wipe_initMelt
                0x0001860c                wipe_doMelt
                0x00018848                wipe_exitMelt
                0x00018890                wipe_StartScreen
                0x000188d0                wipe_EndScreen
                0x00018928                wipe_ScreenWipe
 .text          0x00018a00     0x3b14 build/g_game.o
                0x00018a00                G_CmdChecksum
                0x00018c2c                G_BuildTiccmd
                0x00019794                G_DoLoadLevel
                0x00019bac                G_Responder
                0x00019ed8                G_Ticker
                0x0001a3d0                G_InitPlayer
                0x0001a3e6                G_PlayerFinishLevel
                0x0001a458                G_PlayerReborn
                0x0001a5e8                G_CheckSpot
                0x0001a8e4                G_DeathMatchSpawnPlayer
                0x0001a9c0                G_DoReborn
                0x0001aaec                G_ScreenShot
                0x0001ab08                G_ExitLevel
                0x0001ab30                G_SecretExitLevel
                0x0001ab88                G_DoCompleted
                0x0001b0a0                G_WorldDone
                0x0001b158                G_DoWorldDone
                0x0001b1a0                G_LoadGame
                0x0001b1d0                G_DoLoadGame
                0x0001b2cc                G_SaveGame
                0x0001b308                G_DoSaveGame
                0x0001b48c                G_DeferedInitNew
                0x0001b4d4                G_DoNewGame
                0x0001b5a8                G_InitNew
                0x0001b8c4                G_ReadDemoTiccmd
                0x0001ba68                G_WriteDemoTiccmd
                0x0001bbc4                G_RecordDemo
                0x0001bca0                G_VanillaVersionCode
                0x0001bcf4                G_BeginRecording
                0x0001bf08                G_DeferedPlayDemo
                0x0001c018                G_DoPlayDemo
                0x0001c2ac                G_TimeDemo
                0x0001c310                G_CheckDemoStatus
 .text          0x0001c514      0x6bc build/hu_lib.o
                0x0001c514                HUlib_init
                0x0001c522                HUlib_clearTextLine
                0x0001c548                HUlib_initTextLine
                0x0001c57c                HUlib_addCharToTextLine
                0x0001c5c6                HUlib_delCharFromTextLine
                0x0001c604                HUlib_drawTextLine
                0x0001c70a                HUlib_eraseTextLine
                0x0001c804                HUlib_initSText
                0x0001c87e                HUlib_addLineToSText
                0x0001c8f6                HUlib_addMessageToSText
                0x0001c968                HUlib_drawSText
                0x0001c9d2                HUlib_eraseSText
                0x0001ca42                HUlib_initIText
                0x0001ca7a                HUlib_delCharFromIText
                0x0001ca9e                HUlib_eraseLineFromIText
                0x0001cac6                HUlib_resetIText
                0x0001cae4                HUlib_addPrefixToIText
                0x0001cb18                HUlib_keyInIText
                0x0001cb6c                HUlib_drawIText
                0x0001cb94                HUlib_eraseIText
 .text          0x0001cbd0      0xaac build/hu_stuff.o
                0x0001cbd0                HU_Init
                0x0001cc28                HU_Stop
                0x0001cc44                HU_Start
                0x0001ceac                HU_Drawer
                0x0001cef8                HU_Erase
                0x0001cf2c                HU_Ticker
                0x0001d1f0                HU_queueChatChar
                0x0001d26c                HU_dequeueChatChar
                0x0001d2d0                HU_Responder
 .text          0x0001d67c        0x0 build/info.o
 .text          0x0001d67c       0xb0 build/i_cdmus.o
                0x0001d67c                I_CDMusInit
                0x0001d68c                I_CDMusPrintStartup
                0x0001d69a                I_CDMusPlay
                0x0001d6b0                I_CDMusStop
                0x0001d6c0                I_CDMusResume
                0x0001d6d0                I_CDMusSetVolume
                0x0001d6f4                I_CDMusFirstTrack
                0x0001d704                I_CDMusLastTrack
                0x0001d714                I_CDMusTrackLength
 .text          0x0001d72c       0x14 build/i_endoom.o
                0x0001d72c                I_Endoom
 .text          0x0001d740      0x138 build/i_joystick.o
                0x0001d740                I_ShutdownJoystick
                0x0001d74e                I_InitJoystick
                0x0001d75c                I_UpdateJoystick
                0x0001d76a                I_BindJoystickVariables
 .text          0x0001d878     0x24dc build/i_scale.o
                0x0001d878                I_InitScale
                0x0001e2d4                I_ResetScaleTables
 .text          0x0001fd54      0x624 build/i_sound.o
                0x0001fedc                I_InitSound
                0x0001ff98                I_ShutdownSound
                0x0001ffd8                I_GetSfxLumpNum
                0x0002000c                I_UpdateSound
                0x000200ae                I_UpdateSoundParams
                0x000200f4                I_StartSound
                0x00020140                I_StopSound
                0x00020170                I_SoundIsPlaying
                0x000201a4                I_PrecacheSounds
                0x000201e8                I_InitMusic
                0x000201f6                I_ShutdownMusic
                0x00020204                I_SetMusicVolume
                0x00020234                I_PauseSong
                0x00020258                I_ResumeSong
                0x0002027c                I_RegisterSong
                0x000202b4                I_UnRegisterSong
                0x000202e4                I_PlaySong
                0x00020318                I_StopSong
                0x0002033c                I_MusicIsPlaying
                0x00020368                I_BindSoundVariables
 .text          0x00020378      0x6dc build/i_system.o
                0x00020378                I_AtExit
                0x000203bc                I_Tactile
                0x00020430                I_ZoneBase
                0x000204b0                I_PrintBanner
                0x000204f0                I_PrintDivider
                0x0002051c                I_PrintStartupBanner
                0x0002054c                I_ConsoleStdout
                0x0002055c                I_Quit
                0x000206d0                I_Error
                0x00020808                I_GetMemoryValue
 .text          0x00020a54      0x11c build/i_timer.o
                0x00020a54                I_GetTicks
                0x00020a94                I_GetTime
                0x00020aec                I_GetTimeMS
                0x00020b2c                I_Sleep
                0x00020b4c                I_WaitVBL
                0x00020b60                I_InitTimer
 .text          0x00020b70      0x2a8 build/memio.o
                0x00020b70                mem_fopen_read
                0x00020ba8                mem_fread
                0x00020c38                mem_fopen_write
                0x00020c82                mem_fwrite
                0x00020d34                mem_get_buf
                0x00020d5c                mem_fclose
                0x00020d84                mem_ftell
                0x00020d9c                mem_fseek
 .text          0x00020e18      0x130 build/m_argv.o
                0x00020e18                M_CheckParmWithArgs
                0x00020e70                M_ParmExists
                0x00020e92                M_CheckParm
                0x00020ec0                M_FindResponseFile
                0x00020f0c                M_GetExecutableName
 .text          0x00020f48       0x9e build/m_bbox.o
                0x00020f48                M_ClearBox
                0x00020f7e                M_AddToBox
 .text          0x00020fe6       0xe4 build/m_cheat.o
                0x00020fe6                cht_CheckCheat
                0x000210a6                cht_GetParam
 *fill*         0x000210ca        0x2 
 .text          0x000210cc      0x60c build/m_config.o
                0x00021250                M_SetConfigFilenames
                0x00021280                M_SaveDefaults
                0x000212a4                M_SaveDefaultsAlternate
                0x00021304                M_LoadDefaults
                0x00021494                M_BindVariable
                0x000214ba                M_SetVariable
                0x000214f0                M_GetIntVariable
                0x00021530                M_GetStrVariable
                0x00021568                M_GetFloatVariable
                0x00021600                M_SetConfigDir
                0x00021670                M_GetSaveGameDir
 .text          0x000216d8      0xbb0 build/m_controls.o
                0x000216d8                M_BindBaseControls
                0x00021968                M_BindHereticControls
                0x00021a48                M_BindHexenControls
                0x00021b58                M_BindStrifeControls
                0x00021d28                M_BindWeaponControls
                0x00021e80                M_BindMapControls
                0x00021fa8                M_BindMenuControls
                0x00022208                M_BindChatControls
                0x00022278                M_ApplyPlatformDefaults
 .text          0x00022288       0xb8 build/m_fixed.o
                0x00022288                FixedMul
                0x000222d4                FixedDiv
 .text          0x00022340     0x2b48 build/m_menu.o
                0x00022340                M_ReadSaveStrings
                0x00022420                M_DrawLoad
                0x000224c0                M_DrawSaveLoadBorder
                0x00022550                M_LoadSelect
                0x00022596                M_LoadGame
                0x000225e0                M_DrawSave
                0x000226ec                M_DoSave
                0x00022738                M_SaveSelect
                0x000227e8                M_SaveGame
                0x00022844                M_QuickSaveResponse
                0x00022884                M_QuickSave
                0x0002293c                M_QuickLoadResponse
                0x0002297c                M_QuickLoad
                0x00022a18                M_DrawReadThis1
                0x00022b20                M_DrawReadThis2
                0x00022b50                M_DrawSound
                0x00022bd8                M_Sound
                0x00022bf8                M_SfxVol
                0x00022c6c                M_MusicVol
                0x00022ce0                M_DrawMainMenu
                0x00022d04                M_DrawNewGame
                0x00022d44                M_NewGame
                0x00022dc4                M_DrawEpisode
                0x00022de8                M_VerifyNightmare
                0x00022e2c                M_ChooseSkill
                0x00022e78                M_Episode
                0x00022f0c                M_DrawOptions
                0x00023020                M_Options
                0x00023040                M_ChangeMessages
                0x000230dc                M_EndGameResponse
                0x00023128                M_EndGame
                0x00023198                M_ReadThis
                0x000231bc                M_ReadThis2
                0x0002320c                M_FinishReadThis
                0x00023230                M_QuitResponse
                0x0002333c                M_QuitDOOM
                0x00023384                M_ChangeSensitivity
                0x000233f8                M_ChangeDetail
                0x000234a0                M_SizeDisplay
                0x00023558                M_DrawThermo
                0x00023610                M_DrawEmptyCell
                0x00023658                M_DrawSelCell
                0x000236a0                M_StartMessage
                0x0002370c                M_StopMessage
                0x0002373c                M_StringWidth
                0x000237b8                M_StringHeight
                0x00023818                M_WriteText
                0x000238fa                M_Responder
                0x00024924                M_StartControlPanel
                0x00024978                M_Drawer
                0x00024c68                M_ClearMenus
                0x00024c84                M_SetupNextMenu
                0x00024cbc                M_Ticker
                0x00024d20                M_Init
 .text          0x00024e88      0x6c8 build/m_misc.o
                0x00024e88                M_MakeDirectory
                0x00024ea2                M_FileExists
                0x00024ee8                M_FileLength
                0x00024f1e                M_WriteFile
                0x00024f74                M_ReadFile
                0x00024ffc                M_TempFile
                0x0002502c                M_StrToInt
                0x000250a4                M_ExtractFileBase
                0x00025140                M_ForceUppercase
                0x00025178                M_StrCaseStr
                0x000251e2                M_StringDuplicate
                0x0002521c                M_StringReplace
                0x00025310                M_StringCopy
                0x00025362                M_StringConcat
                0x000253a0                M_StringStartsWith
                0x000253e4                M_StringEndsWith
                0x00025434                M_StringJoin
                0x000254d0                M_vsnprintf
                0x00025520                M_snprintf
 .text          0x00025550       0xa8 build/m_random.o
                0x00025550                P_Random
                0x0002558c                M_Random
                0x000255c8                M_ClearRandom
 .text          0x000255f8      0x50c build/p_ceilng.o
                0x000255f8                T_MoveCeiling
                0x00025790                EV_DoCeiling
                0x000258f4                P_AddActiveCeiling
                0x0002593c                P_RemoveActiveCeiling
                0x000259b0                P_ActivateInStasisCeiling
                0x00025a50                EV_CeilingCrushStop
 .text          0x00025b04      0x978 build/p_doors.o
                0x00025b04                T_VerticalDoor
                0x00025d4a                EV_DoLockedDoor
                0x00025ed4                EV_DoDoor
                0x000260ac                EV_VerticalDoor
                0x0002639c                P_SpawnDoorCloseIn30
                0x000263fc                P_SpawnDoorRaiseIn5Mins
 .text          0x0002647c     0x2628 build/p_enemy.o
                0x0002647c                P_RecursiveSound
                0x000265a8                P_NoiseAlert
                0x000265f0                P_CheckMeleeRange
                0x00026660                P_CheckMissileRange
                0x00026764                P_Move
                0x000268c8                P_TryWalk
                0x000268f8                P_NewChaseDir
                0x00026b10                P_LookForPlayers
                0x00026c30                A_KeenDie
                0x00026cb4                A_Look
                0x00026dbc                A_Chase
                0x00026ff8                A_FaceTarget
                0x00027064                A_PosAttack
                0x000270f4                A_SPosAttack
                0x00027196                A_CPosAttack
                0x00027226                A_CPosRefire
                0x0002727a                A_SpidRefire
                0x000272ce                A_BspiAttack
                0x000272fc                A_TroopAttack
                0x0002736c                A_SargAttack
                0x000273cc                A_HeadAttack
                0x0002743e                A_CyberAttack
                0x0002746c                A_BruisAttack
                0x000274d6                A_SkelMissile
                0x00027544                A_Tracer
                0x0002772c                A_SkelWhoosh
                0x00027754                A_SkelFist
                0x000277c0                PIT_VileCheck
                0x000278e8                A_VileChase
                0x00027ac8                A_VileStart
                0x00027ae0                A_StartFire
                0x00027afe                A_FireCrackle
                0x00027b1c                A_Fire
                0x00027bcc                A_VileTarget
                0x00027c24                A_VileAttack
                0x00027d08                A_FatRaise
                0x00027d26                A_FatAttack1
                0x00027dcc                A_FatAttack2
                0x00027e70                A_FatAttack3
                0x00027f5c                A_SkullAttack
                0x0002804c                A_PainShootSkull
                0x0002816c                A_PainAttack
                0x00028198                A_PainDie
                0x000281de                A_Scream
                0x00028274                A_XScream
                0x0002828c                A_Pain
                0x000282b4                A_Fall
                0x000282d4                A_Explode
                0x000283f0                A_BossDeath
                0x000285a4                A_Hoof
                0x000285c2                A_Metal
                0x000285e0                A_BabyMetal
                0x000285fe                A_OpenShotgun2
                0x0002861c                A_LoadShotgun2
                0x0002863a                A_CloseShotgun2
                0x00028660                A_BrainAwake
                0x0002870c                A_BrainPain
                0x00028724                A_BrainScream
                0x000287c0                A_BrainExplode
                0x00028840                A_BrainDie
                0x00028854                A_BrainSpit
                0x00028930                A_SpawnSound
                0x0002894e                A_SpawnFly
                0x00028a62                A_PlayerScream
 .text          0x00028aa4      0x91c build/p_floor.o
                0x00028aa4                T_MovePlane
                0x00028cb6                T_MoveFloor
                0x00028d90                EV_DoFloor
                0x000291d0                EV_BuildStairs
 .text          0x000293c0     0x1324 build/p_inter.o
                0x000293c0                P_GiveAmmo
                0x00029588                P_GiveWeapon
                0x00029700                P_GiveBody
                0x00029748                P_GiveArmor
                0x00029784                P_GiveCard
                0x000297c2                P_GivePower
                0x00029890                P_TouchSpecialThing
                0x0002a0f4                P_KillMobj
                0x0002a38c                P_DamageMobj
 .text          0x0002a6e4      0x5b0 build/p_lights.o
                0x0002a6e4                T_FireFlicker
                0x0002a756                P_SpawnFireFlicker
                0x0002a7bc                T_LightFlash
                0x0002a830                P_SpawnLightFlash
                0x0002a8ac                T_StrobeFlash
                0x0002a910                P_SpawnStrobeFlash
                0x0002a9ac                EV_StartLightStrobing
                0x0002aa08                EV_TurnTagLightsOff
                0x0002aac0                EV_LightTurnOn
                0x0002ab78                T_Glow
                0x0002ac30                P_SpawnGlowingLight
 .text          0x0002ac94     0x1edc build/p_map.o
                0x0002ac94                PIT_StompThing
                0x0002ad64                P_TeleportMove
                0x0002af6c                PIT_CheckLine
                0x0002b120                PIT_CheckThing
                0x0002b404                P_CheckPosition
                0x0002b68c                P_TryMove
                0x0002b848                P_ThingHeightClip
                0x0002b8e0                P_HitSlideLine
                0x0002ba24                PTR_SlideTraverse
                0x0002bb60                P_SlideMove
                0x0002be30                PTR_AimTraverse
                0x0002c040                PTR_ShootTraverse
                0x0002c418                P_AimLineAttack
                0x0002c51c                P_LineAttack
                0x0002c5e8                PTR_UseTraverse
                0x0002c688                P_UseLines
                0x0002c714                PIT_RadiusAttack
                0x0002c7f8                P_RadiusAttack
                0x0002c8d8                PIT_ChangeSector
                0x0002c9d8                P_ChangeSector
 .text          0x0002cb70     0x1050 build/p_maputl.o
                0x0002cb70                P_AproxDistance
                0x0002cbbc                P_PointOnLineSide
                0x0002cc72                P_BoxOnLineSide
                0x0002cdb0                P_PointOnDivlineSide
                0x0002ce90                P_MakeDivline
                0x0002ceca                P_InterceptVector
                0x0002cf56                P_LineOpening
                0x0002d020                P_UnsetThingPosition
                0x0002d124                P_SetThingPosition
                0x0002d240                P_BlockLinesIterator
                0x0002d320                P_BlockThingsIterator
                0x0002d3b0                PIT_AddLineIntercepts
                0x0002d564                PIT_AddThingIntercepts
                0x0002d6e4                P_TraverseIntercepts
                0x0002d8e4                P_PathTraverse
 .text          0x0002dbc0     0x1514 build/p_mobj.o
                0x0002dbc0                P_SetMobjState
                0x0002dc44                P_ExplodeMissile
                0x0002dcd8                P_XYMovement
                0x0002dfcc                P_ZMovement
                0x0002e228                P_NightmareRespawn
                0x0002e332                P_MobjThinker
                0x0002e434                P_SpawnMobj
                0x0002e580                P_RemoveMobj
                0x0002e668                P_RespawnSpecials
                0x0002e7f4                P_SpawnPlayer
                0x0002e990                P_SpawnMapThing
                0x0002ec8c                P_SpawnPuff
                0x0002ed10                P_SpawnBlood
                0x0002ed98                P_CheckMissileSpawn
                0x0002ee16                P_SubstNullMobj
                0x0002ee6c                P_SpawnMissile
                0x0002efa4                P_SpawnPlayerMissile
 .text          0x0002f0d4      0x640 build/p_plats.o
                0x0002f0d4                T_PlatRaise
                0x0002f264                EV_DoPlat
                0x0002f4fc                P_ActivateInStasis
                0x0002f598                EV_StopPlat
                0x0002f644                P_AddActivePlat
                0x0002f698                P_RemoveActivePlat
 .text          0x0002f714     0x1070 build/p_pspr.o
                0x0002f714                P_SetPsprite
                0x0002f7b8                P_CalcSwing
                0x0002f84c                P_BringUpWeapon
                0x0002f8bc                P_CheckAmmo
                0x0002fa44                P_FireWeapon
                0x0002faac                P_DropWeapon
                0x0002fae8                A_WeaponReady
                0x0002fc34                A_ReFire
                0x0002fc88                A_CheckReload
                0x0002fca0                A_Lower
                0x0002fcfe                A_Raise
                0x0002fd5c                A_GunFlash
                0x0002fda4                A_Punch
                0x0002fe80                A_Saw
                0x00030054                A_FireMissile
                0x0003009c                A_FireBFG
                0x000300e4                A_FirePlasma
                0x00030154                P_BulletSlope
                0x000301e4                P_GunShot
                0x00030260                A_FirePistol
                0x000302f8                A_FireShotgun
                0x00030394                A_FireShotgun2
                0x0003049c                A_FireCGun
                0x00030580                A_Light0
                0x0003059e                A_Light1
                0x000305bc                A_Light2
                0x000305da                A_BFGSpray
                0x000306a8                A_BFGsound
                0x000306c6                P_SetupPsprites
                0x00030704                P_MovePsprites
 .text          0x00030784     0x2050 build/p_saveg.o
                0x00030784                P_TempSaveGameFile
                0x000307d4                P_SaveGameFile
                0x00031cb4                P_WriteSaveGameHeader
                0x00031de0                P_ReadSaveGameHeader
                0x00031f0c                P_ReadSaveGameEOF
                0x00031f2e                P_WriteSaveGameEOF
                0x00031f3c                P_ArchivePlayers
                0x00031f9c                P_UnArchivePlayers
                0x0003203c                P_ArchiveWorld
                0x000321bc                P_UnArchiveWorld
                0x00032340                P_ArchiveThinkers
                0x0003239c                P_UnArchiveThinkers
                0x00032488                P_ArchiveSpecials
                0x00032600                P_UnArchiveSpecials
 .text          0x000327d4     0x13c0 build/p_setup.o
                0x000327d4                P_LoadVertexes
                0x00032884                GetSectorAtNullAddress
                0x000328e4                P_LoadSegs
                0x00032ad8                P_LoadSubsectors
                0x00032ba0                P_LoadSectors
                0x00032cd4                P_LoadNodes
                0x00032e10                P_LoadThings
                0x00032f04                P_LoadLineDefs
                0x00033164                P_LoadSideDefs
                0x000332a0                P_LoadBlockMap
                0x000333f8                P_GroupLines
                0x000338e4                P_SetupLevel
                0x00033b6c                P_Init
 .text          0x00033b94      0x694 build/p_sight.o
                0x00033b94                P_DivlineSide
                0x00033c6e                P_InterceptVector2
                0x00033cfa                P_CrossSubsector
                0x00033fa0                P_CrossBSPNode
                0x0003407c                P_CheckSight
 .text          0x00034228     0x16f4 build/p_spec.o
                0x00034228                P_InitPicAnims
                0x000343d4                getSide
                0x00034434                getSector
                0x00034494                twoSided
                0x000344dc                getNextSector
                0x0003451a                P_FindLowestFloorSurrounding
                0x0003457a                P_FindHighestFloorSurrounding
                0x000345dc                P_FindNextHighestFloor
                0x000346b4                P_FindLowestCeilingSurrounding
                0x00034714                P_FindHighestCeilingSurrounding
                0x00034772                P_FindSectorFromLineTag
                0x000347d8                P_FindMinSurroundingLight
                0x0003483e                P_CrossSpecialLine
                0x00034f00                P_ShootSpecialLine
                0x00034f86                P_PlayerInSpecialSector
                0x000350fc                P_UpdateSpecials
                0x000354e8                EV_DoDonut
                0x0003568c                P_SpawnSpecials
 .text          0x0003591c      0xcfc build/p_switch.o
                0x0003591c                P_InitSwitchList
                0x00035a3c                P_StartButton
                0x00035b54                P_ChangeSwitchTexture
                0x00035d64                P_UseSpecialLine
 .text          0x00036618      0x1f8 build/p_telept.o
                0x00036618                EV_Teleport
 .text          0x00036810      0x1e8 build/p_tick.o
                0x00036810                P_InitThinkers
                0x00036844                P_AddThinker
                0x0003688c                P_RemoveThinker
                0x000368a8                P_AllocateThinker
                0x000368bc                P_RunThinkers
                0x00036924                P_Ticker
 .text          0x000369f8      0x70c build/p_user.o
                0x000369f8                P_Thrust
                0x00036a6c                P_CalcHeight
                0x00036c14                P_MovePlayer
                0x00036d04                P_DeathThink
                0x00036e58                P_PlayerThink
 .text          0x00037104      0x988 build/r_bsp.o
                0x00037104                R_ClearDrawSegs
                0x00037124                R_ClipSolidWallSegment
                0x00037280                R_ClipPassWallSegment
                0x00037334                R_ClearClipSegs
                0x000373a0                R_AddLine
                0x00037614                R_CheckBBox
                0x00037848                R_Subsector
                0x000379dc                R_RenderBSPNode
 .text          0x00037a8c     0x127c build/r_data.o
                0x00037a8c                R_DrawColumnInCache
                0x00037b0e                R_GenerateComposite
                0x00037c70                R_GenerateLookup
                0x00037ea8                R_GetColumn
                0x00038058                R_InitTextures
                0x000385b4                R_InitFlats
                0x00038674                R_InitSpriteLumps
                0x000387e4                R_InitColormaps
                0x00038818                R_InitData
                0x00038842                R_FlatNumForName
                0x00038898                R_CheckTextureNumForName
                0x00038910                R_TextureNumForName
                0x00038944                R_PrecacheLevel
 .text          0x00038d08     0x12bc build/r_draw.o
                0x00038d08                R_DrawColumn
                0x00038e3c                R_DrawColumnLow
                0x00038fb0                R_DrawFuzzColumn
                0x0003916c                R_DrawFuzzColumnLow
                0x00039388                R_DrawTranslatedColumn
                0x000394c8                R_DrawTranslatedColumnLow
                0x00039664                R_InitTranslationTables
                0x00039750                R_DrawSpan
                0x000398ac                R_DrawSpanLow
                0x00039a58                R_InitBuffer
                0x00039b28                R_FillBackScreen
                0x00039e90                R_VideoErase
                0x00039edc                R_DrawViewBorder
 .text          0x00039fc4      0xed8 build/r_main.o
                0x00039fc4                R_AddPointToBox
                0x0003a028                R_PointOnSide
                0x0003a100                R_PointOnSegSide
                0x0003a1e2                R_PointToAngle
                0x0003a360                R_PointToAngle2
                0x0003a398                R_PointToDist
                0x0003a43c                R_InitPointToAngle
                0x0003a44a                R_ScaleFromGlobalAngle
                0x0003a51c                R_InitTables
                0x0003a52a                R_InitTextureMapping
                0x0003a704                R_InitLightTables
                0x0003a7ac                R_SetViewSize
                0x0003a7e8                R_ExecuteSetViewSize
                0x0003abd0                R_Init
                0x0003ac48                R_PointInSubsector
                0x0003acd0                R_SetupFrame
                0x0003ae44                R_RenderPlayerView
 .text          0x0003ae9c      0x9a8 build/r_plane.o
                0x0003ae9c                R_InitPlanes
                0x0003aeaa                R_MapPlane
                0x0003b138                R_ClearPlanes
                0x0003b23c                R_FindPlane
                0x0003b340                R_CheckPlane
                0x0003b43c                R_MakeSpans
                0x0003b508                R_DrawPlanes
 .text          0x0003b844     0x19b8 build/r_segs.o
                0x0003b844                R_RenderMaskedSegRange
                0x0003bba8                R_RenderSegLoop
                0x0003c214                R_StoreWallRange
 .text          0x0003d1fc       0x1c build/r_sky.o
                0x0003d1fc                R_InitSkyMap
 .text          0x0003d218     0x1638 build/r_things.o
                0x0003d218                R_InstallSpriteLump
                0x0003d43c                R_InitSpriteDefs
                0x0003d78c                R_InitSprites
                0x0003d7c8                R_ClearSprites
                0x0003d7e8                R_NewVisSprite
                0x0003d840                R_DrawMaskedColumn
                0x0003d9ac                R_DrawVisSprite
                0x0003db4c                R_ProjectSprite
                0x0003dee4                R_AddSprites
                0x0003df9c                R_DrawPSprite
                0x0003e240                R_DrawPlayerSprites
                0x0003e320                R_SortVisSprites
                0x0003e484                R_DrawSprite
                0x0003e7a8                R_DrawMasked
 .text          0x0003e850     0x1a52 build/sha1.o
                0x0003e850                SHA1_Init
                0x0003fec0                SHA1_Update
                0x0003ffa8                SHA1_Final
                0x0004023e                SHA1_UpdateInt32
                0x0004027c                SHA1_UpdateString
 .text          0x000402a2        0x0 build/sounds.o
 *fill*         0x000402a2        0x2 
 .text          0x000402a4       0x7c build/statdump.o
                0x000402a4                StatCopy
                0x00040310                StatDump
 .text          0x00040320      0x508 build/st_lib.o
                0x00040320                STlib_init
                0x00040344                STlib_initNum
                0x00040388                STlib_drawNum
                0x00040528                STlib_updateNum
                0x0004054c                STlib_initPercent
                0x00040580                STlib_updatePercent
                0x000405c0                STlib_initMultIcon
                0x00040600                STlib_updateMultIcon
                0x00040714                STlib_initBinIcon
                0x00040752                STlib_updateBinIcon
 .text          0x00040828     0x1d88 build/st_stuff.o
                0x00040828                ST_refreshBackground
                0x000408b8                ST_Responder
                0x000410ac                ST_calcPainOffset
                0x00041124                ST_updateFaceWidget
                0x000415d4                ST_updateWidgets
                0x0004180c                ST_Ticker
                0x00041854                ST_doPaletteStuff
                0x00041994                ST_drawWidgets
                0x00041b00                ST_doRefresh
                0x00041b20                ST_diffDraw
                0x00041b2e                ST_Drawer
                0x00041f08                ST_loadGraphics
                0x00041f20                ST_loadData
                0x00041f66                ST_unloadGraphics
                0x00041f7c                ST_unloadData
                0x00041f88                ST_initData
                0x000420b0                ST_createWidgets
                0x0004251c                ST_Start
                0x0004254c                ST_Stop
                0x0004258c                ST_Init
 .text          0x000425b0      0xa68 build/s_sound.o
                0x000425b0                S_Init
                0x000426ac                S_Shutdown
                0x0004275c                S_Start
                0x00042838                S_StopSound
                0x00042b20                S_StartSound
                0x00042cbc                S_PauseSound
                0x00042cf0                S_ResumeSound
                0x00042d24                S_UpdateSounds
                0x00042e20                S_SetMusicVolume
                0x00042e54                S_SetSfxVolume
                0x00042e8c                S_StartMusic
                0x00042ea4                S_ChangeMusic
                0x00042fa0                S_MusicPlaying
                0x00042fae                S_StopMusic
 .text          0x00043018       0x44 build/tables.o
                0x00043018                SlopeDiv
 *fill*         0x0004305c        0x4 
 .text          0x00043060     0x1060 build/v_video.o
                0x00043060                V_MarkRect
                0x000430c8                V_CopyRect
                0x0004319c                V_SetPatchClipCallback
                0x000431bc                V_DrawPatch
                0x00043358                V_DrawPatchFlipped
                0x000434c8                V_DrawPatchDirect
                0x000434e6                V_DrawTLPatch
                0x00043624                V_DrawXlaPatch
                0x0004374c                V_DrawAltTLPatch
                0x0004388c                V_DrawShadowedPatch
                0x00043a14                V_LoadTintTable
                0x00043a38                V_LoadXlaTable
                0x00043a5c                V_DrawBlock
                0x00043af8                V_DrawFilledBox
                0x00043b7c                V_DrawHorizLine
                0x00043be0                V_DrawVertLine
                0x00043c48                V_DrawBox
                0x00043c9a                V_DrawRawScreen
                0x00043cc0                V_Init
                0x00043cce                V_UseBuffer
                0x00043cf0                V_RestoreBuffer
                0x00043d1c                WritePCXfile
                0x00043e7e                V_ScreenShot
                0x00043f1c                V_DrawMouseSpeedBox
 .text          0x000440c0     0x2f0c build/wi_stuff.o
                0x000440c0                WI_slamBackground
                0x000440dc                WI_Responder
                0x000440f2                WI_drawLF
                0x00044250                WI_drawEL
                0x00044320                WI_drawOnLnode
                0x00044494                WI_initAnimatedBack
                0x000445a4                WI_updateAnimatedBack
                0x0004474c                WI_drawAnimatedBack
                0x000447f8                WI_drawNum
                0x000448fc                WI_drawPercent
                0x0004493c                WI_drawTime
                0x00044a18                WI_End
                0x00044a24                WI_initNoState
                0x00044a58                WI_updateNoState
                0x00044a8c                WI_initShowNextLoc
                0x00044abc                WI_updateShowNextLoc
                0x00044b28                WI_drawShowNextLoc
                0x00044c24                WI_drawNoState
                0x00044c3c                WI_fragSum
                0x00044cd4                WI_initDeathmatchStats
                0x00044d88                WI_updateDeathmatchStats
                0x0004510c                WI_drawDeathmatchStats
                0x00045348                WI_initNetgameStats
                0x0004545c                WI_updateNetgameStats
                0x00045acc                WI_drawNetgameStats
                0x00045df4                WI_initStats
                0x00045e88                WI_updateStats
                0x00046554                WI_drawStats
                0x00046680                WI_checkForAccelerate
                0x0004673c                WI_Ticker
                0x00046d14                WI_loadData
                0x00046dde                WI_unloadData
                0x00046df4                WI_Drawer
                0x00046e5c                WI_initVariables
                0x00046f7c                WI_Start
 .text          0x00046fcc      0x184 build/w_checksum.o
                0x000470d8                W_Checksum
 .text          0x00047150       0xbc build/w_file.o
                0x00047150                W_OpenFile
                0x000471c8                W_CloseFile
                0x000471e2                W_Read
 .text          0x0004720c      0x158 build/w_file_stdc_unbuffered.o
                0x000472e4                W_StdC_Read
 .text          0x00047364       0x94 build/w_main.o
                0x00047364                W_ParseCommandLine
 .text          0x000473f8      0x87c build/w_wad.o
                0x000473f8                W_LumpNameHash
                0x0004758c                W_AddFile
                0x0004775c                W_NumLumps
                0x00047774                W_CheckNumForName
                0x0004784c                W_GetNumForName
                0x0004787c                W_LumpLength
                0x000478c4                W_ReadLump
                0x0004794c                W_CacheLumpNum
                0x00047a04                W_CacheLumpName
                0x00047a28                W_ReleaseLumpNum
                0x00047a90                W_ReleaseLumpName
                0x00047aae                W_GenerateHashTable
                0x00047bc4                W_CheckCorrectIWAD
 .text          0x00047c74      0x780 build/z_zone.o
                0x00047c74                Z_ClearZone
                0x00047cd0                Z_Init
                0x00047d90                Z_Free
                0x00047e8c                Z_Malloc
                0x00047fe8                Z_FreeTags
                0x00048054                Z_DumpHeap
                0x00048158                Z_FileDumpHeap
                0x00048240                Z_CheckHeap
                0x000482d4                Z_ChangeTag2
                0x00048338                Z_ChangeUser
                0x0004837c                Z_FreeMemory
                0x000483d8                Z_ZoneSize
 .text          0x000483f4      0x264 /usr/lib/gcc-cross/arm-linux-gnueabihf/14/../../../../arm-linux-gnueabihf/lib/libc.a(libc-start.o)
                0x00048494                __libc_start_main_impl
                0x00048494                __libc_start_main
 .text          0x00048658      0x160 /usr/lib/gcc-cross/arm-linux-gnueabihf/14/../../../../arm-linux-gnueabihf/lib/libc.a(libc-tls.o)
                0x00048658                __libc_setup_tls
                0x000487a8                __tls_get_addr
 *fill*         0x000487b8        0x8 
 .text          0x000487c0        0x8 /usr/lib/gcc-cross/arm-linux-gnueabihf/14/../../../../arm-linux-gnueabihf/lib/libc.a(libc-do-syscall.o)
                0x000487c0                __libc_do_syscall
 .text          0x000487c8       0x14 /usr/lib/gcc-cross/arm-linux-gnueabihf/14/../../../../arm-linux-gnueabihf/lib/libc.a(errno-loc.o)
                0x000487c8                __errno_location
 .text          0x000487dc      0x17c /usr/lib/gcc-cross/arm-linux-gnueabihf/14/../../../../arm-linux-gnueabihf/lib/libc.a(ctype.o)
                0x000487dc                isalnum
                0x000487f8                isalpha
                0x00048814                iscntrl
                0x00048830                isdigit
                0x0004884c                islower
                0x00048868                isgraph
                0x00048884                isprint
                0x000488a0                ispunct
                0x000488bc                isspace
                0x000488d8                isupper
                0x000488f4                isxdigit
                0x00048910                tolower
                0x00048934                toupper
 .text          0x00048958       0x78 /usr/lib/gcc-cross/arm-linux-gnueabihf/14/../../../../arm-linux-gnueabihf/lib/libc.a(ctype-info.o)
                0x00048958                __ctype_b_loc
                0x0004896c                __ctype_toupper_loc
                0x00048980                __ctype_tolower_loc
                0x00048994                __ctype_init
 .text          0x000489d0        0x8 /usr/lib/gcc-cross/arm-linux-gnueabihf/14/../../../../arm-linux-gnueabihf/lib/libc.a(bsd-_setjmp.o)
                0x000489d0                _setjmp
 .text          0x000489d8       0x84 /usr/lib/gcc-cross/arm-linux-gnueabihf/14/../../../../arm-linux-gnueabihf/lib/libc.a(abort.o)
                0x000489d8                __abort_fork_reset_child
                0x000489e8                __abort_lock_rdlock
                0x00048a10                __abort_lock_wrlock
                0x00048a38                __abort_lock_unlock
 .text          0x00048a5c        0x8 /usr/lib/gcc-cross/arm-linux-gnueabihf/14/../../../../arm-linux-gnueabihf/lib/libc.a(atof.o)
                0x00048a5c                atof
 .text          0x00048a64        0x8 /usr/lib/gcc-cross/arm-linux-gnueabihf/14/../../../../arm-linux-gnueabihf/lib/libc.a(atoi.o)
                0x00048a64                atoi
 .text          0x00048a6c      0x198 /usr/lib/gcc-cross/arm-linux-gnueabihf/14/../../../../arm-linux-gnueabihf/lib/libc.a(cxa_atexit.o)
                0x00048a6c                __new_exitfn
                0x00048b24                __internal_atexit
                0x00048bf8                __cxa_atexit
 .text          0x00048c04      0x2fc /usr/lib/gcc-cross/arm-linux-gnueabihf/14/../../../../arm-linux-gnueabihf/lib/libc.a(exit.o)
                0x00048c04                __run_exit_handlers
                0x00048eec                exit
 .text          0x00048f00       0x30 /usr/lib/gcc-cross/arm-linux-gnueabihf/14/../../../../arm-linux-gnueabihf/lib/libc.a(strtod.o)
                0x00048f00                __strtod_internal
                0x00048f18                strtod
                0x00048f18                strtof64
                0x00048f18                strtof32x
 .text          0x00048f30     0x23d8 /usr/lib/gcc-cross/arm-linux-gnueabihf/14/../../../../arm-linux-gnueabihf/lib/libc.a(strtod_l.o)
                0x00049508                ____strtod_l_internal
                0x0004b300                __strtod_l
                0x0004b300                strtof32x_l
                0x0004b300                strtod_l
                0x0004b300                strtof64_l
 .text          0x0004b308       0xd0 /usr/lib/gcc-cross/arm-linux-gnueabihf/14/../../../../arm-linux-gnueabihf/lib/libc.a(strtod_nan.o)
                0x0004b308                __strtod_nan
 .text          0x0004b3d8       0x74 /usr/lib/gcc-cross/arm-linux-gnueabihf/14/../../../../arm-linux-gnueabihf/lib/libc.a(strtol.o)
                0x0004b3d8                __strtol_internal
                0x0004b3fc                strtol
                0x0004b3fc                __strtol
                0x0004b424                __isoc23_strtol
 .text          0x0004b44c      0x410 /usr/lib/gcc-cross/arm-linux-gnueabihf/14/../../../../arm-linux-gnueabihf/lib/libc.a(strtol_l.o)
                0x0004b44c                ____strtol_l_internal
                0x0004b830                strtol_l
                0x0004b830                __strtol_l
                0x0004b848                __isoc23_strtol_l
 .text          0x0004b85c      0x520 /usr/lib/gcc-cross/arm-linux-gnueabihf/14/../../../../arm-linux-gnueabihf/lib/libc.a(strtoull_l.o)
                0x0004b85c                ____strtoull_l_internal
                0x0004bd50                __strtoull_l
                0x0004bd50                strtoull_l
                0x0004bd68                __isoc23_strtoull_l
 .text          0x0004bd7c      0x3c8 /usr/lib/gcc-cross/arm-linux-gnueabihf/14/../../../../arm-linux-gnueabihf/lib/libc.a(system.o)
                0x0004c128                system
                0x0004c128                __libc_system
 *fill*         0x0004c144        0xc 
 .text          0x0004c150       0x68 /usr/lib/gcc-cross/arm-linux-gnueabihf/14/../../../../arm-linux-gnueabihf/lib/libc.a(add_n.o)
                0x0004c150                __mpn_add_n
 .text          0x0004c1b8       0x3c /usr/lib/gcc-cross/arm-linux-gnueabihf/14/../../../../arm-linux-gnueabihf/lib/libc.a(cmp.o)
                0x0004c1b8                __mpn_cmp
 .text          0x0004c1f4       0x48 /usr/lib/gcc-cross/arm-linux-gnueabihf/14/../../../../arm-linux-gnueabihf/lib/libc.a(lshift.o)
                0x0004c1f4                __mpn_lshift
 .text          0x0004c23c      0x230 /usr/lib/gcc-cross/arm-linux-gnueabihf/14/../../../../arm-linux-gnueabihf/lib/libc.a(mul.o)
                0x0004c23c                __mpn_mul
 .text          0x0004c46c       0x40 /usr/lib/gcc-cross/arm-linux-gnueabihf/14/../../../../arm-linux-gnueabihf/lib/libc.a(mul_1.o)
                0x0004c46c                __mpn_mul_1
 .text          0x0004c4ac      0x624 /usr/lib/gcc-cross/arm-linux-gnueabihf/14/../../../../arm-linux-gnueabihf/lib/libc.a(mul_n.o)
                0x0004c4ac                __mpn_impn_mul_n_basecase
                0x0004c554                __mpn_impn_mul_n
                0x0004c7b8                __mpn_impn_sqr_n_basecase
                0x0004c858                __mpn_impn_sqr_n
                0x0004ca48                __mpn_mul_n
 .text          0x0004cad0       0x70 /usr/lib/gcc-cross/arm-linux-gnueabihf/14/../../../../arm-linux-gnueabihf/lib/libc.a(rshift.o)
                0x0004cad0                __mpn_rshift
 .text          0x0004cb40       0x64 /usr/lib/gcc-cross/arm-linux-gnueabihf/14/../../../../arm-linux-gnueabihf/lib/libc.a(sub_n.o)
                0x0004cb40                __mpn_sub_n
 *fill*         0x0004cba4        0xc 
 .text          0x0004cbb0       0x44 /usr/lib/gcc-cross/arm-linux-gnueabihf/14/../../../../arm-linux-gnueabihf/lib/libc.a(submul_1.o)
                0x0004cbb0                __mpn_submul_1
 .text          0x0004cbf4       0x24 /usr/lib/gcc-cross/arm-linux-gnueabihf/14/../../../../arm-linux-gnueabihf/lib/libc.a(mpn2dbl.o)
                0x0004cbf4                __mpn_construct_double
 .text          0x0004cc18      0x168 /usr/lib/gcc-cross/arm-linux-gnueabihf/14/../../../../arm-linux-gnueabihf/lib/libc.a(grouping.o)
                0x0004cc18                __correctly_grouped_prefixmb
 .text          0x0004cd80        0x0 /usr/lib/gcc-cross/arm-linux-gnueabihf/14/../../../../arm-linux-gnueabihf/lib/libc.a(tens_in_limb.o)
 .text          0x0004cd80        0x0 /usr/lib/gcc-cross/arm-linux-gnueabihf/14/../../../../arm-linux-gnueabihf/lib/libc.a(fpioconst.o)
 .text          0x0004cd80       0x58 /usr/lib/gcc-cross/arm-linux-gnueabihf/14/../../../../arm-linux-gnueabihf/lib/libc.a(fprintf.o)
                0x0004cd80                fprintf
                0x0004cd80                _IO_fprintf
                0x0004cd80                __fprintf
 .text          0x0004cdd8       0x8c /usr/lib/gcc-cross/arm-linux-gnueabihf/14/../../../../arm-linux-gnueabihf/lib/libc.a(isoc99_sscanf.o)
                0x0004cdd8                __isoc99_sscanf
 .text          0x0004ce64       0x68 /usr/lib/gcc-cross/arm-linux-gnueabihf/14/../../../../arm-linux-gnueabihf/lib/libc.a(printf.o)
                0x0004ce64                __printf
                0x0004ce64                printf
                0x0004ce64                _IO_printf
 .text          0x0004cecc       0x34 /usr/lib/gcc-cross/arm-linux-gnueabihf/14/../../../../arm-linux-gnueabihf/lib/libc.a(remove.o)
                0x0004cecc                remove
 .text          0x0004cf00       0x30 /usr/lib/gcc-cross/arm-linux-gnueabihf/14/../../../../arm-linux-gnueabihf/lib/libc.a(rename.o)
                0x0004cf00                rename
 .text          0x0004cf30       0x58 /usr/lib/gcc-cross/arm-linux-gnueabihf/14/../../../../arm-linux-gnueabihf/lib/libc.a(snprintf.o)
                0x0004cf30                snprintf
                0x0004cf30                __snprintf
 .text          0x0004cf88        0x8 /usr/lib/gcc-cross/arm-linux-gnueabihf/14/../../../../arm-linux-gnueabihf/lib/libc.a(vfprintf.o)
                0x0004cf88                __vfprintf
                0x0004cf88                _IO_vfprintf
                0x0004cf88                vfprintf
 .text          0x0004cf90     0x2bb4 /usr/lib/gcc-cross/arm-linux-gnueabihf/14/../../../../arm-linux-gnueabihf/lib/libc.a(vfprintf-internal.o)
                0x0004e3a4                __printf_buffer
                0x0004f988                __vfprintf_internal
 *fill*         0x0004fb44        0x4 
 .text          0x0004fb48     0x4c64 /usr/lib/gcc-cross/arm-linux-gnueabihf/14/../../../../arm-linux-gnueabihf/lib/libc.a(vfscanf-internal.o)
                0x0004fb80                __vfscanf_internal
 .text          0x000547ac       0x28 /usr/lib/gcc-cross/arm-linux-gnueabihf/14/../../../../arm-linux-gnueabihf/lib/libc.a(errname.o)
                0x000547ac                __get_errname
 .text          0x000547d4      0x904 /usr/lib/gcc-cross/arm-linux-gnueabihf/14/../../../../arm-linux-gnueabihf/lib/libc.a(printf-parsemb.o)
                0x000547d4                __parse_one_specmb
 .text          0x000550d8      0x1e8 /usr/lib/gcc-cross/arm-linux-gnueabihf/14/../../../../arm-linux-gnueabihf/lib/libc.a(iofclose.o)
                0x000550d8                _IO_fclose
                0x000550d8                _IO_new_fclose
                0x000550d8                fclose
                0x000550d8                __new_fclose
 .text          0x000552c0      0x120 /usr/lib/gcc-cross/arm-linux-gnueabihf/14/../../../../arm-linux-gnueabihf/lib/libc.a(iofflush.o)
                0x000552c0                _IO_fflush
                0x000552c0                fflush
 .text          0x000553e0      0x134 /usr/lib/gcc-cross/arm-linux-gnueabihf/14/../../../../arm-linux-gnueabihf/lib/libc.a(iofread.o)
                0x000553e0                _IO_fread
                0x000553e0                fread
 .text          0x00055514      0x180 /usr/lib/gcc-cross/arm-linux-gnueabihf/14/../../../../arm-linux-gnueabihf/lib/libc.a(ioftell.o)
                0x00055514                _IO_ftell
                0x00055514                ftell
 .text          0x00055694      0x190 /usr/lib/gcc-cross/arm-linux-gnueabihf/14/../../../../arm-linux-gnueabihf/lib/libc.a(iofwrite.o)
                0x00055694                _IO_fwrite
                0x00055694                fwrite
 .text          0x00055824      0x18c /usr/lib/gcc-cross/arm-linux-gnueabihf/14/../../../../arm-linux-gnueabihf/lib/libc.a(ioputs.o)
                0x00055824                puts
                0x00055824                _IO_puts
 .text          0x000559b0      0x1c0 /usr/lib/gcc-cross/arm-linux-gnueabihf/14/../../../../arm-linux-gnueabihf/lib/libc.a(ioseekoff.o)
                0x000559b0                _IO_seekoff_unlocked
                0x00055a60                _IO_seekoff
 .text          0x00055b70        0x8 /usr/lib/gcc-cross/arm-linux-gnueabihf/14/../../../../arm-linux-gnueabihf/lib/libc.a(iofopen64.o)
                0x00055b70                _IO_fopen64
                0x00055b70                fopen64
 .text          0x00055b78      0x128 /usr/lib/gcc-cross/arm-linux-gnueabihf/14/../../../../arm-linux-gnueabihf/lib/libc.a(putchar.o)
                0x00055b78                putchar
 .text          0x00055ca0      0x968 /usr/lib/gcc-cross/arm-linux-gnueabihf/14/../../../../arm-linux-gnueabihf/lib/libc.a(wgenops.o)
                0x00055dd4                _IO_least_wmarker
                0x00055df0                _IO_switch_to_main_wget_area
                0x00055e14                _IO_switch_to_wbackup_area
                0x00055e38                _IO_wsetb
                0x00055e80                _IO_wdefault_pbackfail
                0x00055f60                _IO_wdefault_finish
                0x00055fa4                _IO_wdefault_uflow
                0x00055fd8                __woverflow
                0x0005601c                _IO_wdefault_xsputn
                0x000560e0                _IO_wdoallocbuf
                0x00056148                _IO_wdefault_doallocate
                0x00056198                _IO_switch_to_wget_mode
                0x000561e4                _IO_free_wbackup_area
                0x0005621c                __wuflow
                0x000562d4                __wunderflow
                0x0005638c                _IO_wdefault_xsgetn
                0x00056428                _IO_sputbackwc
                0x0005647c                _IO_sungetwc
                0x000564c8                _IO_adjust_wcolumn
                0x00056508                _IO_init_wmarker
                0x0005653c                _IO_wmarker_delta
                0x00056560                _IO_seekwmark
                0x000565c4                _IO_unsave_wmarkers
 .text          0x00056608      0x2c8 /usr/lib/gcc-cross/arm-linux-gnueabihf/14/../../../../arm-linux-gnueabihf/lib/libc.a(iofwide.o)
                0x00056608                _IO_fwide
                0x000566f0                __libio_codecvt_out
                0x00056788                __libio_codecvt_in
                0x00056820                __libio_codecvt_encoding
                0x00056838                __libio_codecvt_length
 .text          0x000568d0      0x11c /usr/lib/gcc-cross/arm-linux-gnueabihf/14/../../../../arm-linux-gnueabihf/lib/libc.a(fseek.o)
                0x000568d0                fseek
 *fill*         0x000569ec        0x4 
 .text          0x000569f0      0x1a4 /usr/lib/gcc-cross/arm-linux-gnueabihf/14/../../../../arm-linux-gnueabihf/lib/libc.a(vsnprintf.o)
                0x000569f0                __printf_buffer_flush_snprintf
                0x00056a2c                __printf_buffer_snprintf_init
                0x00056a50                __printf_buffer_snprintf_done
                0x00056a70                __vsnprintf_internal
                0x00056b04                vsnprintf
                0x00056b04                ___vsnprintf
                0x00056b04                __vsnprintf
 .text          0x00056b94      0x144 /usr/lib/gcc-cross/arm-linux-gnueabihf/14/../../../../arm-linux-gnueabihf/lib/libc.a(libc_fatal.o)
                0x00056b94                __libc_message_impl
                0x00056cc8                __libc_fatal
 .text          0x00056cd8       0x24 /usr/lib/gcc-cross/arm-linux-gnueabihf/14/../../../../arm-linux-gnueabihf/lib/libc.a(vtables.o)
                0x00056cd8                _IO_vtable_check
 *fill*         0x00056cfc        0x4 
 .text          0x00056d00     0x1940 /usr/lib/gcc-cross/arm-linux-gnueabihf/14/../../../../arm-linux-gnueabihf/lib/libc.a(fileops.o)
                0x00057100                _IO_new_file_init_internal
                0x00057130                _IO_new_file_init
                0x00057130                _IO_file_init
                0x00057160                _IO_file_open
                0x00057214                _IO_new_file_attach
                0x00057214                _IO_file_attach
                0x000572b0                _IO_file_setbuf
                0x000572b0                _IO_new_file_setbuf
                0x000572cc                _IO_file_setbuf_mmap
                0x00057318                _IO_new_do_write
                0x00057318                _IO_do_write
                0x00057330                _IO_new_file_close_it
                0x00057330                _IO_file_close_it
                0x00057418                _IO_new_file_fopen
                0x00057418                _IO_file_fopen
                0x0005779c                _IO_file_finish
                0x0005779c                _IO_new_file_finish
                0x000577f8                _IO_file_underflow
                0x000577f8                _IO_new_file_underflow
                0x00057a80                _IO_file_underflow_mmap
                0x00057ad4                _IO_file_underflow_maybe_mmap
                0x00057b08                _IO_file_overflow
                0x00057b08                _IO_new_file_overflow
                0x00057c24                _IO_file_sync
                0x00057c24                _IO_new_file_sync
                0x00057cc4                _IO_file_sync_mmap
                0x00057d1c                _IO_file_seekoff
                0x00057d1c                _IO_new_file_seekoff
                0x00058160                _IO_file_seekoff_mmap
                0x00058228                _IO_file_seekoff_maybe_mmap
                0x0005826c                _IO_file_read
                0x0005827c                _IO_file_seek
                0x00058284                _IO_file_stat
                0x0005828c                _IO_file_close_mmap
                0x000582ac                _IO_file_close
                0x000582b4                _IO_file_write
                0x000582b4                _IO_new_file_write
                0x0005830c                _IO_new_file_xsputn
                0x0005830c                _IO_file_xsputn
                0x00058410                _IO_file_xsgetn
                0x00058554                _IO_file_xsgetn_mmap
                0x00058608                _IO_file_xsgetn_maybe_mmap
 .text          0x00058640     0x1a2c /usr/lib/gcc-cross/arm-linux-gnueabihf/14/../../../../arm-linux-gnueabihf/lib/libc.a(genops.o)
                0x00058a80                _IO_un_link
                0x00058a8c                _IO_link_in
                0x00058cec                _IO_switch_to_main_get_area
                0x00058d10                _IO_switch_to_backup_area
                0x00058d34                _IO_switch_to_get_mode
                0x00058d94                _IO_free_backup_area
                0x00058dc8                __overflow
                0x00058e0c                __underflow
                0x00058ed0                __uflow
                0x00058fa0                _IO_setb
                0x00058fd8                _IO_doallocbuf
                0x00059044                _IO_default_underflow
                0x0005904c                _IO_default_uflow
                0x00059080                _IO_default_xsputn
                0x0005910c                _IO_sgetn
                0x00059148                _IO_default_xsgetn
                0x000591c4                _IO_default_setbuf
                0x00059248                _IO_default_seekpos
                0x00059284                _IO_default_doallocate
                0x000592cc                _IO_init_internal
                0x00059328                _IO_init
                0x00059384                _IO_enable_locks
                0x000593bc                _IO_old_init
                0x0005940c                _IO_no_init
                0x00059494                _IO_default_sync
                0x00059498                _IO_default_finish
                0x000594e8                _IO_default_seekoff
                0x000594f4                _IO_sputbackc
                0x00059550                _IO_sungetc
                0x00059598                _IO_adjust_column
                0x000595c4                _IO_flush_all
                0x0005981c                _IO_flush_all_linebuffered
                0x0005981c                _flushlbf
                0x00059a74                __libio_freemem
                0x00059a98                _IO_cleanup
                0x00059d58                _IO_init_marker
                0x00059d88                _IO_remove_marker
                0x00059da8                _IO_marker_difference
                0x00059db0                _IO_marker_delta
                0x00059dd0                _IO_seekmark
                0x00059e34                _IO_unsave_markers
                0x00059e74                _IO_default_pbackfail
                0x00059f44                _IO_default_seek
                0x00059f50                _IO_default_stat
                0x00059f58                _IO_default_read
                0x00059f60                _IO_default_write
                0x00059f64                _IO_default_showmanyc
                0x00059f6c                _IO_default_imbue
                0x00059f70                _IO_iter_begin
                0x00059f7c                _IO_iter_end
                0x00059f80                _IO_iter_next
                0x00059f84                _IO_iter_file
                0x00059f88                _IO_list_lock
                0x0005a004                _IO_list_unlock
                0x0005a058                _IO_list_resetlock
 .text          0x0005a06c        0x0 /usr/lib/gcc-cross/arm-linux-gnueabihf/14/../../../../arm-linux-gnueabihf/lib/libc.a(stdfiles.o)
 .text          0x0005a06c        0x0 /usr/lib/gcc-cross/arm-linux-gnueabihf/14/../../../../arm-linux-gnueabihf/lib/libc.a(stdio.o)
 .text          0x0005a06c      0x55c /usr/lib/gcc-cross/arm-linux-gnueabihf/14/../../../../arm-linux-gnueabihf/lib/libc.a(strops.o)
                0x0005a17c                _IO_str_init_static_internal
                0x0005a1c8                _IO_str_init_static
                0x0005a218                _IO_str_init_readonly
                0x0005a260                _IO_str_overflow
                0x0005a36c                _IO_str_underflow
                0x0005a3a0                _IO_str_count
                0x0005a3b4                _IO_str_seekoff
                0x0005a584                _IO_str_pbackfail
                0x0005a5a4                _IO_str_finish
 .text          0x0005a5c8       0xa8 /usr/lib/gcc-cross/arm-linux-gnueabihf/14/../../../../arm-linux-gnueabihf/lib/libc.a(libc-cleanup.o)
                0x0005a5c8                __libc_cleanup_push_defer
                0x0005a610                __libc_cleanup_pop_restore
 .text          0x0005a670       0xc8 /usr/lib/gcc-cross/arm-linux-gnueabihf/14/../../../../arm-linux-gnueabihf/lib/libc.a(lowlevellock.o)
                0x0005a670                __lll_lock_wait_private
                0x0005a6bc                __lll_lock_wait
                0x0005a70c                __lll_lock_wake_private
                0x0005a720                __lll_lock_wake
 .text          0x0005a738       0xe8 /usr/lib/gcc-cross/arm-linux-gnueabihf/14/../../../../arm-linux-gnueabihf/lib/libc.a(nptl_deallocate_tsd.o)
                0x0005a738                __nptl_deallocate_tsd
 .text          0x0005a820        0x0 /usr/lib/gcc-cross/arm-linux-gnueabihf/14/../../../../arm-linux-gnueabihf/lib/libc.a(nptl_nthreads.o)
 .text          0x0005a820        0x0 /usr/lib/gcc-cross/arm-linux-gnueabihf/14/../../../../arm-linux-gnueabihf/lib/libc.a(pthread_keys.o)
 .text          0x0005a820      0x140 /usr/lib/gcc-cross/arm-linux-gnueabihf/14/../../../../arm-linux-gnueabihf/lib/libc.a(pthread_kill.o)
                0x0005a924                __pthread_raise_internal
                0x0005a94c                __pthread_kill_internal
                0x0005a950                pthread_kill
                0x0005a950                __pthread_kill
 .text          0x0005a960       0x30 /usr/lib/gcc-cross/arm-linux-gnueabihf/14/../../../../arm-linux-gnueabihf/lib/libc.a(pthread_rwlock_init.o)
                0x0005a960                pthread_rwlock_init
                0x0005a960                __pthread_rwlock_init
                0x0005a960                ___pthread_rwlock_init
 .text          0x0005a990      0x1a4 /usr/lib/gcc-cross/arm-linux-gnueabihf/14/../../../../arm-linux-gnueabihf/lib/libc.a(pthread_rwlock_rdlock.o)
                0x0005a990                pthread_rwlock_rdlock
                0x0005a990                __pthread_rwlock_rdlock
                0x0005a990                ___pthread_rwlock_rdlock
 .text          0x0005ab34      0x178 /usr/lib/gcc-cross/arm-linux-gnueabihf/14/../../../../arm-linux-gnueabihf/lib/libc.a(pthread_rwlock_unlock.o)
                0x0005ab34                pthread_rwlock_unlock
                0x0005ab34                __pthread_rwlock_unlock
                0x0005ab34                ___pthread_rwlock_unlock
 .text          0x0005acac      0x334 /usr/lib/gcc-cross/arm-linux-gnueabihf/14/../../../../arm-linux-gnueabihf/lib/libc.a(pthread_rwlock_wrlock.o)
                0x0005acac                ___pthread_rwlock_wrlock
                0x0005acac                __pthread_rwlock_wrlock
                0x0005acac                pthread_rwlock_wrlock
 .text          0x0005afe0      0x104 /usr/lib/gcc-cross/arm-linux-gnueabihf/14/../../../../arm-linux-gnueabihf/lib/libc.a(pthread_setcancelstate.o)
                0x0005afe0                __pthread_setcancelstate
                0x0005afe0                pthread_setcancelstate
 *fill*         0x0005b0e4        0x4 
 .text          0x0005b0e8     0x4d6c /usr/lib/gcc-cross/arm-linux-gnueabihf/14/../../../../arm-linux-gnueabihf/lib/libc.a(malloc.o)
                0x0005e560                __glibc_morecore
                0x0005e57c                __malloc_fork_lock_parent
                0x0005e5e0                __malloc_fork_unlock_parent
                0x0005e64c                __malloc_fork_unlock_child
                0x0005e6c4                malloc
                0x0005e6c4                __malloc
                0x0005e6c4                __libc_malloc
                0x0005ec0c                __free
                0x0005ec0c                __libc_free
                0x0005ec0c                free
                0x0005ed74                __malloc_arena_thread_freeres
                0x0005ee6c                __libc_realloc
                0x0005ee6c                realloc
                0x0005ee6c                __realloc
                0x0005f340                __libc_memalign
                0x0005f340                __memalign
                0x0005f340                memalign
                0x0005f370                aligned_alloc
                0x0005f3c0                __libc_valloc
                0x0005f3c0                valloc
                0x0005f3c0                __valloc
                0x0005f3f4                pvalloc
                0x0005f3f4                __libc_pvalloc
                0x0005f3f4                __pvalloc
                0x0005f448                __calloc
                0x0005f448                calloc
                0x0005f448                __libc_calloc
                0x0005f7ac                __malloc_trim
                0x0005f7ac                malloc_trim
                0x0005f994                malloc_usable_size
                0x0005f994                __malloc_usable_size
                0x0005f9b8                __mallinfo2
                0x0005f9b8                mallinfo2
                0x0005f9b8                __libc_mallinfo2
                0x0005fa8c                __mallinfo
                0x0005fa8c                __libc_mallinfo
                0x0005fa8c                mallinfo
                0x0005fafc                malloc_stats
                0x0005fafc                __malloc_stats
                0x0005fcb0                __libc_mallopt
                0x0005fcb0                mallopt
                0x0005fcb0                __mallopt
                0x0005fdc8                __posix_memalign
                0x0005fdc8                posix_memalign
                0x0005fe20                __malloc_info
                0x0005fe20                malloc_info
 .text          0x0005fe54       0x70 /usr/lib/gcc-cross/arm-linux-gnueabihf/14/../../../../arm-linux-gnueabihf/lib/libc.a(scratch_buffer_grow_preserve.o)
                0x0005fe54                __libc_scratch_buffer_grow_preserve
 .text          0x0005fec4       0x7c /usr/lib/gcc-cross/arm-linux-gnueabihf/14/../../../../arm-linux-gnueabihf/lib/libc.a(scratch_buffer_set_array_size.o)
                0x0005fec4                __libc_scratch_buffer_set_array_size
 .text          0x0005ff40       0x58 /usr/lib/gcc-cross/arm-linux-gnueabihf/14/../../../../arm-linux-gnueabihf/lib/libc.a(_strerror.o)
                0x0005ff40                __strerror_r
                0x0005ff40                strerror_r
 .text          0x0005ff98      0x2dc /usr/lib/gcc-cross/arm-linux-gnueabihf/14/../../../../arm-linux-gnueabihf/lib/libc.a(memcmp.o)
                0x0005ff98                bcmp
                0x0005ff98                __memcmpeq
                0x0005ff98                memcmp
 .text          0x00060274       0x18 /usr/lib/gcc-cross/arm-linux-gnueabihf/14/../../../../arm-linux-gnueabihf/lib/libc.a(memcpy.o)
                0x00060274                memcpy
 *fill*         0x0006028c        0x4 
 .text          0x00060290      0x320 /usr/lib/gcc-cross/arm-linux-gnueabihf/14/../../../../arm-linux-gnueabihf/lib/libc.a(memmove.o)
                0x00060290                memmove
 .text          0x000605b0       0x7c /usr/lib/gcc-cross/arm-linux-gnueabihf/14/../../../../arm-linux-gnueabihf/lib/libc.a(memset.o)
                0x000605b0                memset
 .text          0x0006062c       0x40 /usr/lib/gcc-cross/arm-linux-gnueabihf/14/../../../../arm-linux-gnueabihf/lib/libc.a(strcasecmp.o)
                0x0006062c                strcasecmp
                0x0006062c                __strcasecmp
 *fill*         0x0006066c        0x4 
 .text          0x00060670       0xa8 /usr/lib/gcc-cross/arm-linux-gnueabihf/14/../../../../arm-linux-gnueabihf/lib/libc.a(strchr.o)
                0x00060670                index
                0x00060670                strchr
 .text          0x00060718       0x5c /usr/lib/gcc-cross/arm-linux-gnueabihf/14/../../../../arm-linux-gnueabihf/lib/libc.a(strchrnul.o)
                0x00060718                __strchrnul
                0x00060718                strchrnul
 *fill*         0x00060774        0xc 
 .text          0x00060780      0x2f4 /usr/lib/gcc-cross/arm-linux-gnueabihf/14/../../../../arm-linux-gnueabihf/lib/libc.a(strcmp.o)
                0x00060790                strcmp
 .text          0x00060a74       0x20 /usr/lib/gcc-cross/arm-linux-gnueabihf/14/../../../../arm-linux-gnueabihf/lib/libc.a(strdup.o)
                0x00060a74                __strdup
                0x00060a74                strdup
 *fill*         0x00060a94       0x2c 
 .text          0x00060ac0       0xdc /usr/lib/gcc-cross/arm-linux-gnueabihf/14/../../../../arm-linux-gnueabihf/lib/libc.a(strlen.o)
                0x00060ac0                strlen
 .text          0x00060b9c       0x48 /usr/lib/gcc-cross/arm-linux-gnueabihf/14/../../../../arm-linux-gnueabihf/lib/libc.a(strncase.o)
                0x00060b9c                __strncasecmp
                0x00060b9c                strncasecmp
 .text          0x00060be4       0x38 /usr/lib/gcc-cross/arm-linux-gnueabihf/14/../../../../arm-linux-gnueabihf/lib/libc.a(strncase_l.o)
                0x00060be4                strncasecmp_l
                0x00060be4                __strncasecmp_l
 .text          0x00060c1c      0x1ac /usr/lib/gcc-cross/arm-linux-gnueabihf/14/../../../../arm-linux-gnueabihf/lib/libc.a(strncmp.o)
                0x00060c1c                strncmp
 .text          0x00060dc8       0x30 /usr/lib/gcc-cross/arm-linux-gnueabihf/14/../../../../arm-linux-gnueabihf/lib/libc.a(strncpy.o)
                0x00060dc8                strncpy
 .text          0x00060df8       0x18 /usr/lib/gcc-cross/arm-linux-gnueabihf/14/../../../../arm-linux-gnueabihf/lib/libc.a(strnlen.o)
                0x00060df8                __strnlen
                0x00060df8                strnlen
 .text          0x00060e10       0xa4 /usr/lib/gcc-cross/arm-linux-gnueabihf/14/../../../../arm-linux-gnueabihf/lib/libc.a(strrchr.o)
                0x00060e10                strrchr
                0x00060e10                rindex
 .text          0x00060eb4      0x4d0 /usr/lib/gcc-cross/arm-linux-gnueabihf/14/../../../../arm-linux-gnueabihf/lib/libc.a(strstr.o)
                0x0006119c                strstr
 *fill*         0x00061384       0x3c 
 .text          0x000613c0      0x4e0 /usr/lib/gcc-cross/arm-linux-gnueabihf/14/../../../../arm-linux-gnueabihf/lib/libc.a(memcpy_neon.o)
                0x000613c0                __memcpy_neon
 *fill*         0x000618a0       0x20 
 .text          0x000618c0      0x5e0 /usr/lib/gcc-cross/arm-linux-gnueabihf/14/../../../../arm-linux-gnueabihf/lib/libc.a(memcpy_vfp.o)
                0x000618c0                __memcpy_vfp
 .text          0x00061ea0       0x20 /usr/lib/gcc-cross/arm-linux-gnueabihf/14/../../../../arm-linux-gnueabihf/lib/libc.a(mbrlen.o)
                0x00061ea0                mbrlen
                0x00061ea0                __mbrlen
 .text          0x00061ec0      0x194 /usr/lib/gcc-cross/arm-linux-gnueabihf/14/../../../../arm-linux-gnueabihf/lib/libc.a(mbrtowc.o)
                0x00061ec0                mbrtowc
                0x00061ec0                __mbrtowc
 .text          0x00062054      0x14c /usr/lib/gcc-cross/arm-linux-gnueabihf/14/../../../../arm-linux-gnueabihf/lib/libc.a(wcrtomb.o)
                0x00062054                __wcrtomb_internal
                0x00062198                __wcrtomb
                0x00062198                wcrtomb
 .text          0x000621a0      0x408 /usr/lib/gcc-cross/arm-linux-gnueabihf/14/../../../../arm-linux-gnueabihf/lib/libc.a(wcsmbsload.o)
                0x000621a0                __wcsmbs_getfct
                0x00062208                __wcsmbs_load_conv
                0x00062404                __wcsmbs_clone_conv
                0x000624b0                __wcsmbs_named_conv
                0x00062570                _nl_cleanup_ctype
 .text          0x000625a8      0x210 /usr/lib/gcc-cross/arm-linux-gnueabihf/14/../../../../arm-linux-gnueabihf/lib/libc.a(wcsrtombs.o)
                0x000625a8                wcsrtombs
                0x000625a8                __wcsrtombs
 .text          0x000627b8        0x8 /usr/lib/gcc-cross/arm-linux-gnueabihf/14/../../../../arm-linux-gnueabihf/lib/libc.a(wmemcpy.o)
                0x000627b8                wmemcpy
                0x000627b8                __wmemcpy
 .text          0x000627c0        0x8 /usr/lib/gcc-cross/arm-linux-gnueabihf/14/../../../../arm-linux-gnueabihf/lib/libc.a(wmemmove.o)
                0x000627c0                __wmemmove
                0x000627c0                wmemmove
 .text          0x000627c8       0x10 /usr/lib/gcc-cross/arm-linux-gnueabihf/14/../../../../arm-linux-gnueabihf/lib/libc.a(wmempcpy.o)
                0x000627c8                wmempcpy
                0x000627c8                __wmempcpy
 .text          0x000627d8      0x10c /usr/lib/gcc-cross/arm-linux-gnueabihf/14/../../../../arm-linux-gnueabihf/lib/libc.a(gettimeofday.o)
                0x000627d8                __gettimeofday64
                0x00062854                __gettimeofday